../Core/Src/main.c:112:1:__io_putchar	16	static
../Core/Src/main.c:118:1:__io_getchar	16	static
../Core/Src/main.c:130:6:write_double_to_eeprom	48	static
../Core/Src/main.c:157:8:read_double_from_eeprom	48	static
../Core/Src/main.c:175:6:calibration	144	static
../Core/Src/main.c:363:6:operation	320	static
../Core/Src/main.c:570:6:com_debug	16	static
../Core/Src/main.c:580:6:sense_adjust	312	static
../Core/Src/main.c:608:6:eeprom_read	24	static
../Core/Src/main.c:660:6:eeprom_write	32	static
../Core/Src/main.c:799:5:main	144	static
../Core/Src/main.c:944:6:SystemClock_Config	96	static
../Core/Src/main.c:1005:13:MX_I2C1_Init	8	static
../Core/Src/main.c:1053:13:MX_USART1_UART_Init	8	static
../Core/Src/main.c:1088:13:MX_USART2_UART_Init	8	static
../Core/Src/main.c:1123:13:MX_GPIO_Init	40	static
../Core/Src/main.c:1150:5:_write	24	static
../Core/Src/main.c:1161:6:Error_Handler	4	static,ignoring_inline_asm
